WARNING: A restricted method in java.lang.System has been called
WARNING: java.lang.System::load has been called by org.fusesource.jansi.internal.JansiLoader in an unnamed module (file:/C:/Users/crispin/Desktop/HWGA/PharmacyManagementSystem/.maven/apache-maven-3.9.6/lib/jansi-2.4.0.jar)
WARNING: Use --enable-native-access=ALL-UNNAMED to avoid a warning for callers in this module
WARNING: Restricted methods will be blocked in a future release unless native access is enabled

WARNING: A terminally deprecated method in sun.misc.Unsafe has been called
WARNING: sun.misc.Unsafe::objectFieldOffset has been called by com.google.common.util.concurrent.AbstractFuture$UnsafeAtomicHelper (file:/C:/Users/crispin/Desktop/HWGA/PharmacyManagementSystem/.maven/apache-maven-3.9.6/lib/guava-32.0.1-jre.jar)
WARNING: Please consider reporting this to the maintainers of class com.google.common.util.concurrent.AbstractFuture$UnsafeAtomicHelper
WARNING: sun.misc.Unsafe::objectFieldOffset will be removed in a future release
WARNING: Final field _cipher in class org.sonatype.plexus.components.sec.dispatcher.DefaultSecDispatcher has been mutated reflectively by class org.eclipse.sisu.bean.BeanPropertyField in unnamed module @3b2da18f (file:/C:/Users/crispin/Desktop/HWGA/PharmacyManagementSystem/.maven/apache-maven-3.9.6/lib/org.eclipse.sisu.inject-0.9.0.M2.jar)
WARNING: Use --enable-final-field-mutation=ALL-UNNAMED to avoid a warning
WARNING: Mutating final fields will be blocked in a future release unless final field mutation is enabled
[INFO] Scanning for projects...
[INFO] 
[INFO] ---------------< com.pharmacy:PharmacyManagementSystem >----------------
[INFO] Building PharmacyManagementSystem 1.0-SNAPSHOT
[INFO]   from pom.xml
[INFO] --------------------------------[ jar ]---------------------------------
[INFO] 
[INFO] --- clean:3.2.0:clean (default-clean) @ PharmacyManagementSystem ---
[INFO] Deleting C:\Users\crispin\Desktop\HWGA\PharmacyManagementSystem\target
[INFO] 
[INFO] --- resources:3.3.1:resources (default-resources) @ PharmacyManagementSystem ---
[INFO] Copying 4 resources from src\main\resources to target\classes
[INFO] 
[INFO] --- compiler:3.14.0:compile (default-compile) @ PharmacyManagementSystem ---
[INFO] Recompiling the module because of changed source code.
[INFO] Compiling 10 source files with javac [debug release 25 module-path] to target\classes
[INFO] 
[INFO] >>> javafx:0.0.8:run (default-cli) > process-classes @ PharmacyManagementSystem >>>
[INFO] 
[INFO] --- resources:3.3.1:resources (default-resources) @ PharmacyManagementSystem ---
[INFO] Copying 4 resources from src\main\resources to target\classes
[INFO] 
[INFO] --- compiler:3.14.0:compile (default-compile) @ PharmacyManagementSystem ---
[INFO] Nothing to compile - all classes are up to date.
[INFO] 
[INFO] <<< javafx:0.0.8:run (default-cli) < process-classes @ PharmacyManagementSystem <<<
[INFO] 
[INFO] 
[INFO] --- javafx:0.0.8:run (default-cli) @ PharmacyManagementSystem ---
[WARNING] Module name not found in <mainClass>. Module name will be assumed from module-info.java
SLF4J: Failed to load class "org.slf4j.impl.StaticLoggerBinder".
SLF4J: Defaulting to no-operation (NOP) logger implementation
SLF4J: See http://www.slf4j.org/codes.html#StaticLoggerBinder for further details.
WARNING: A restricted method in java.lang.System has been called
WARNING: java.lang.System::load has been called by org.sqlite.SQLiteJDBCLoader in an unnamed module (file:/C:/Users/crispin/.m2/repository/org/xerial/sqlite-jdbc/3.45.1.0/sqlite-jdbc-3.45.1.0.jar)
WARNING: Use --enable-native-access=ALL-UNNAMED to avoid a warning for callers in this module
WARNING: Restricted methods will be blocked in a future release unless native access is enabled

[OK] Found FXML: file:/C:/Users/crispin/Desktop/HWGA/PharmacyManagementSystem/target/classes/com/pharmacy/view/login.fxml
[OK] FXML loaded successfully
[OK] CSS loaded: file:/C:/Users/crispin/Desktop/HWGA/PharmacyManagementSystem/target/classes/com/pharmacy/style/styles.css
[OK] Application launched successfully!
WARNING: A terminally deprecated method in sun.misc.Unsafe has been called
WARNING: sun.misc.Unsafe::allocateMemory has been called by com.sun.marlin.OffHeapArray (file:/C:/Users/crispin/.m2/repository/org/openjfx/javafx-graphics/24/javafx-graphics-24-win.jar)
WARNING: Please consider reporting this to the maintainers of class com.sun.marlin.OffHeapArray
WARNING: sun.misc.Unsafe::allocateMemory will be removed in a future release
[INFO] ------------------------------------------------------------------------
[INFO] BUILD SUCCESS
[INFO] ------------------------------------------------------------------------
[INFO] Total time:  03:46 min
[INFO] Finished at: 2026-06-26T04:44:57Z
[INFO] ------------------------------------------------------------------------
